
≡ƒôª Simulating order #TEST-001 from happycrafts-retail.myshopify.com

  Γ£ô Matched: SKU 1221 ΓÇö "Selling Plans Ski Wax"
  ≡ƒÆ░ SKU 1221: Master Cost = $49.95

≡ƒôñ Creating Draft Order on happycrafts-final-test.myshopify.com...
   Variables: [
  {
    "title": "Selling Plans Ski Wax (SKU: 1221)",
    "quantity": 1,
    "originalUnitPrice": "49.95"
  }
]
   Request completed.
